[shreethemes.in/jobnova/layouts/job-list-one.html]
[backblue.gif]
[fade.gif]
[index.html]
[shreethemes.in/jobnova/layouts/images/favicon.ico]
[shreethemes.in/jobnova/layouts/css/bootstrap.min.css]
[shreethemes.in/jobnova/layouts/css/choices.min.css]
[shreethemes.in/jobnova/layouts/css/materialdesignicons.min.css]
[shreethemes.in/jobnova/layouts/css/style.min.css]
[shreethemes.in/jobnova/layouts/index.html]
[shreethemes.in/jobnova/layouts/images/logo-dark.png]
[shreethemes.in/jobnova/layouts/images/logo-light.png]
[shreethemes.in/jobnova/layouts/images/team/01.jpg]
[shreethemes.in/jobnova/layouts/candidate-profile.html]
[shreethemes.in/jobnova/layouts/candidate-profile-setting.html]
[shreethemes.in/jobnova/layouts/lock-screen.html]
[shreethemes.in/jobnova/layouts/login.html]
[shreethemes.in/jobnova/layouts/index-two.html]
[shreethemes.in/jobnova/layouts/index-three.html]
[shreethemes.in/jobnova/layouts/job-categories.html]
[shreethemes.in/jobnova/layouts/job-grid-one.html]
[shreethemes.in/jobnova/layouts/job-grid-two.html]
[shreethemes.in/jobnova/layouts/job-grid-three.html]
[shreethemes.in/jobnova/layouts/job-grid-four.html]
[shreethemes.in/jobnova/layouts/job-list-two.html]
[shreethemes.in/jobnova/layouts/job-detail-one.html]
[shreethemes.in/jobnova/layouts/job-detail-two.html]
[shreethemes.in/jobnova/layouts/job-detail-three.html]
[shreethemes.in/jobnova/layouts/job-apply.html]
[shreethemes.in/jobnova/layouts/job-post.html]
[shreethemes.in/jobnova/layouts/career.html]
[shreethemes.in/jobnova/layouts/employers.html]
[shreethemes.in/jobnova/layouts/employer-profile.html]
[shreethemes.in/jobnova/layouts/candidates.html]
[shreethemes.in/jobnova/layouts/aboutus.html]
[shreethemes.in/jobnova/layouts/services.html]
[shreethemes.in/jobnova/layouts/pricing.html]
[shreethemes.in/jobnova/layouts/helpcenter-overview.html]
[shreethemes.in/jobnova/layouts/helpcenter-faqs.html]
[shreethemes.in/jobnova/layouts/helpcenter-guides.html]
[shreethemes.in/jobnova/layouts/helpcenter-support.html]
[shreethemes.in/jobnova/layouts/blogs.html]
[shreethemes.in/jobnova/layouts/blog-sidebar.html]
[shreethemes.in/jobnova/layouts/blog-detail.html]
[shreethemes.in/jobnova/layouts/signup.html]
[shreethemes.in/jobnova/layouts/reset-password.html]
[shreethemes.in/jobnova/layouts/terms.html]
[shreethemes.in/jobnova/layouts/privacy.html]
[shreethemes.in/jobnova/layouts/comingsoon.html]
[shreethemes.in/jobnova/layouts/maintenance.html]
[shreethemes.in/jobnova/layouts/error.html]
[shreethemes.in/jobnova/layouts/contactus.html]
[shreethemes.in/jobnova/layouts/images/hero/bg.jpg]
[shreethemes.in/jobnova/layouts/images/company/facebook-logo.png]
[shreethemes.in/jobnova/layouts/images/company/google-logo.png]
[shreethemes.in/jobnova/layouts/images/company/android.png]
[shreethemes.in/jobnova/layouts/images/company/lenovo-logo.png]
[shreethemes.in/jobnova/layouts/images/company/spotify.png]
[shreethemes.in/jobnova/layouts/images/company/linkedin.png]
[shreethemes.in/jobnova/layouts/images/company/circle-logo.png]
[shreethemes.in/jobnova/layouts/images/company/skype.png]
[shreethemes.in/jobnova/layouts/images/company/snapchat.png]
[shreethemes.in/jobnova/layouts/images/company/shree-logo.png]
[shreethemes.in/jobnova/layouts/images/company/telegram.png]
[shreethemes.in/jobnova/layouts/images/company/whatsapp.png]
[shreethemes.in/jobnova/layouts/js/bootstrap.bundle.min.js]
[shreethemes.in/jobnova/layouts/js/choices.min.js]
[shreethemes.in/jobnova/layouts/js/feather.min.js]
[shreethemes.in/jobnova/layouts/js/plugins.init.js]
[shreethemes.in/jobnova/layouts/job-list-one.html]
[shreethemes.in/jobnova/layouts/js/app.js]
[shreethemes.in/jobnova/layouts/css/bootstrap.min.css]
[shreethemes.in/jobnova/layouts/css/choices.min.css]
[shreethemes.in/jobnova/layouts/fonts/materialdesignicons-webfont9445.eot]
[shreethemes.in/jobnova/layouts/fonts/materialdesignicons-webfontd41d.eot]
[shreethemes.in/jobnova/layouts/fonts/materialdesignicons-webfont9445.woff2]
[shreethemes.in/jobnova/layouts/fonts/materialdesignicons-webfont9445.woff]
[shreethemes.in/jobnova/layouts/fonts/materialdesignicons-webfont9445.ttf]
[shreethemes.in/jobnova/layouts/css/materialdesignicons.min.css]
[shreethemes.in/jobnova/layouts/css/style.min.css]
[shreethemes.in/jobnova/layouts/css/tiny-slider.css]
[shreethemes.in/jobnova/layouts/css/tobii.min.css]
[shreethemes.in/jobnova/layouts/images/logo-white.png]
[shreethemes.in/jobnova/layouts/images/bg2.png]
[shreethemes.in/jobnova/layouts/images/hero1.png]
[shreethemes.in/jobnova/layouts/images/about/ab01.jpg]
[shreethemes.in/jobnova/layouts/images/about/ab02.jpg]
[shreethemes.in/jobnova/layouts/images/about/ab03.jpg]
[shreethemes.in/jobnova/layouts/images/about/ab04.jpg]
[shreethemes.in/jobnova/layouts/images/blog/01.jpg]
[shreethemes.in/jobnova/layouts/images/blog/02.jpg]
[shreethemes.in/jobnova/layouts/images/blog/03.jpg]
[shreethemes.in/jobnova/layouts/js/tiny-slider.js]
[shreethemes.in/jobnova/layouts/index.html]
[shreethemes.in/jobnova/layouts/js/tobii.min.js]
[shreethemes.in/jobnova/layouts/images/hero/bg5.jpg]
[shreethemes.in/jobnova/layouts/images/calvin-carlo-resume.pdf]
[shreethemes.in/jobnova/layouts/images/team/02.jpg]
[shreethemes.in/jobnova/layouts/images/team/03.jpg]
[shreethemes.in/jobnova/layouts/images/team/04.jpg]
[shreethemes.in/jobnova/layouts/images/team/05.jpg]
[shreethemes.in/jobnova/layouts/candidate-profile.html]
[shreethemes.in/jobnova/layouts/candidate-profile-setting.html]
[shreethemes.in/jobnova/layouts/images/hero/bg3.jpg]
[shreethemes.in/jobnova/layouts/lock-screen.html]
[shreethemes.in/jobnova/layouts/login.html]
[shreethemes.in/jobnova/layouts/images/work/01.jpg]
[shreethemes.in/jobnova/layouts/images/work/02.jpg]
[shreethemes.in/jobnova/layouts/images/work/03.jpg]
[shreethemes.in/jobnova/layouts/images/work/04.jpg]
[shreethemes.in/jobnova/layouts/images/work/05.jpg]
[shreethemes.in/jobnova/layouts/images/work/06.jpg]
[shreethemes.in/jobnova/layouts/index-two.html]
[shreethemes.in/jobnova/layouts/images/hero.jpg]
[shreethemes.in/jobnova/layouts/index-three.html]
[shreethemes.in/jobnova/layouts/job-categories.html]
[shreethemes.in/jobnova/layouts/job-grid-one.html]
[shreethemes.in/jobnova/layouts/job-grid-two.html]
[shreethemes.in/jobnova/layouts/job-grid-three.html]
[shreethemes.in/jobnova/layouts/job-grid-four.html]
[shreethemes.in/jobnova/layouts/job-list-two.html]
[shreethemes.in/jobnova/layouts/job-detail-one.html]
[shreethemes.in/jobnova/layouts/job-detail-two.html]
[shreethemes.in/jobnova/layouts/job-detail-three.html]
[shreethemes.in/jobnova/layouts/job-apply.html]
[shreethemes.in/jobnova/layouts/job-post.html]
[shreethemes.in/jobnova/layouts/career.html]
[shreethemes.in/jobnova/layouts/employers.html]
[shreethemes.in/jobnova/layouts/images/hero/bg4.jpg]
[shreethemes.in/jobnova/layouts/images/company/1.jpg]
[shreethemes.in/jobnova/layouts/images/company/2.jpg]
[shreethemes.in/jobnova/layouts/images/company/3.jpg]
[shreethemes.in/jobnova/layouts/employer-profile.html]
[shreethemes.in/jobnova/layouts/images/team/06.jpg]
[shreethemes.in/jobnova/layouts/images/team/07.jpg]
[shreethemes.in/jobnova/layouts/candidates.html]
[shreethemes.in/jobnova/layouts/images/team/08.jpg]
[shreethemes.in/jobnova/layouts/aboutus.html]
[shreethemes.in/jobnova/layouts/services.html]
[shreethemes.in/jobnova/layouts/pricing.html]
[shreethemes.in/jobnova/layouts/helpcenter-overview.html]
[shreethemes.in/jobnova/layouts/js/gumshoe.polyfills.min.js]
[shreethemes.in/jobnova/layouts/helpcenter-faqs.html]
[shreethemes.in/jobnova/layouts/helpcenter-guides.html]
[shreethemes.in/jobnova/layouts/helpcenter-support.html]
[shreethemes.in/jobnova/layouts/images/blog/04.jpg]
[shreethemes.in/jobnova/layouts/images/blog/05.jpg]
[shreethemes.in/jobnova/layouts/images/blog/06.jpg]
[shreethemes.in/jobnova/layouts/images/blog/07.jpg]
[shreethemes.in/jobnova/layouts/images/blog/08.jpg]
[shreethemes.in/jobnova/layouts/images/blog/09.jpg]
[shreethemes.in/jobnova/layouts/blogs.html]
[shreethemes.in/jobnova/layouts/blog-sidebar.html]
[shreethemes.in/jobnova/layouts/blog-detail.html]
[shreethemes.in/jobnova/layouts/signup.html]
[shreethemes.in/jobnova/layouts/reset-password.html]
[shreethemes.in/jobnova/layouts/terms.html]
[shreethemes.in/jobnova/layouts/privacy.html]
[shreethemes.in/jobnova/layouts/images/hero/bg2.jpg]
[shreethemes.in/jobnova/layouts/images/logo-icon-80-white.png]
[shreethemes.in/jobnova/layouts/comingsoon.html]
[shreethemes.in/jobnova/layouts/maintenance.html]
[shreethemes.in/jobnova/layouts/images/logo-icon-64.png]
[shreethemes.in/jobnova/layouts/images/error.png]
[shreethemes.in/jobnova/layouts/error.html]
[shreethemes.in/jobnova/layouts/contactus.html]
[shreethemes.in/jobnova/layouts/css/tiny-slider.css]
[shreethemes.in/jobnova/layouts/css/tobii.min.css]
[shreethemes.in/jobnova/layouts/page-team-detail.html]
[shreethemes.in/jobnova/layouts/images/svg/contact.svg]
